<html>
<body>
<pre>
<h1>µVision Build Log</h1>
<h2>Tool Versions:</h2>
IDE-Version: ¦ÌVision V5.14.0.0
Copyright (C) 2015 ARM Ltd and ARM Germany GmbH. All rights reserved.
License Information: yj yj, yj, LIC=R4HWF-6EJBW-LV41I-TML5G-FZ8PA-E8WD7
 
Tool Versions:
Toolchain:       MDK-ARM Professional  Version: 5.14.0.0
Toolchain Path:  E:\Software\Keil_MDK5\install\ARM\ARMCC\Bin
C Compiler:      Armcc.exe V5.05 update 1 (build 106)
Assembler:       Armasm.exe V5.05 update 1 (build 106)
Linker/Locator:  ArmLink.exe V5.05 update 1 (build 106)
Library Manager: ArmAr.exe V5.05 update 1 (build 106)
Hex Converter:   FromElf.exe V5.05 update 1 (build 106)
CPU DLL:         SARMCM3.DLL V5.14.0.0
Dialog DLL:      DCM.DLL V1.13.1.0
Target DLL:      STLink\ST-LINKIII-KEIL_SWO.dll V2.0.14.0_KEIL
Dialog DLL:      TCM.DLL V1.14.4.0
 
<h2>Project:</h2>
E:\Pro\Bilibili\Beat_Magnum\keil\Beat_magnum_transmitter\USER\Beat_magnum_transmitter.uvprojx
Project File Date:  04/15/2020

<h2>Output:</h2>
Build target 'Beat_magnum_transmitter'
compiling 24l01.c...
linking...
Program Size: Code=7514 RO-data=346 RW-data=200 ZI-data=1672  
FromELF: creating hex file...
"..\OBJ\NRF24L01.axf" - 0 Error(s), 0 Warning(s).

<h2>Collection of Component include folders:</h2>
  E:\Pro\Bilibili\Beat_Magnum\keil\Beat_magnum_transmitter\USER\RTE
  E:\Software\Keil_MDK5\install\ARM\PACK\Keil\STM32F1xx_DFP\1.0.5\Device\Include

<h2>Collection of Component Files used:</h2>
</pre>
</body>
</html>
